proxy up in record mode on meridian-trial-run-1790713822-53c681
expired-coupon trial 0: fail
expired-coupon trial 1: fail
expired-coupon trial 2: fail
expired-coupon trial 3: fail
expired-coupon trial 4: fail
expired-on-bulk-order trial 3: pass
expired-on-bulk-order trial 1: pass
expired-on-bulk-order trial 2: pass
expired-on-bulk-order trial 0: pass
expired-on-bulk-order trial 4: fail
expiry-boundary trial 1: fail
expiry-boundary trial 0: fail
expiry-boundary trial 3: fail
expiry-boundary trial 2: fail
expiry-boundary trial 4: fail
happy-path trial 2: pass
happy-path trial 1: pass
happy-path trial 3: pass
happy-path trial 0: pass
happy-path trial 4: fail
missing-field trial 0: pass
missing-field trial 1: pass
missing-field trial 3: pass
missing-field trial 2: pass
missing-field trial 4: pass
stale-coupon trial 3: pass
stale-coupon trial 0: pass
stale-coupon trial 2: pass
stale-coupon trial 1: pass
stale-coupon trial 4: fail
unknown-coupon trial 3: pass
unknown-coupon trial 0: pass
unknown-coupon trial 2: pass
unknown-coupon trial 1: pass
unknown-coupon trial 4: fail
wrote site/data/raw/gate-invoice-rounding.md
verdict: pass_with_warning (archive baseline)
